hu\anzek\backend\invoicesystem\service\SzamlaKeszultIdopontja.class
hu\anzek\backend\invoicesystem\repository\CikkBeolvas.class
hu\anzek\backend\invoicesystem\InvoiceSystem$1.class
hu\anzek\backend\invoicesystem\service\KulsoKulcs.class
hu\anzek\backend\invoicesystem\configuration\InvoceConfigOsztaly$Invoice$Main.class
hu\anzek\backend\invoicesystem\configuration\InvoceConfigOsztaly.class
hu\anzek\backend\invoicesystem\model\Szallito.class
hu\anzek\backend\invoicesystem\InvoiceSystem.class
hu\anzek\backend\invoicesystem\repository\JdbcVevoReadRepo.class
hu\anzek\backend\invoicesystem\configuration\InvoceConfigOsztaly$Invoice$Item.class
hu\anzek\backend\invoicesystem\InvoiceSystem$VevoRepoImpl.class
hu\anzek\backend\invoicesystem\InvoiceSystem$CikkRepoImpl.class
hu\anzek\backend\invoicesystem\model\InvoiceItems.class
hu\anzek\backend\invoicesystem\model\Invoice.class
hu\anzek\backend\invoicesystem\configuration\DatabaseConfig$Database.class
hu\anzek\backend\invoicesystem\configuration\DatabaseConfig.class
hu\anzek\backend\invoicesystem\repository\JdbcCikkReadRepo.class
hu\anzek\backend\invoicesystem\repository\SzallitoRepo.class
hu\anzek\backend\invoicesystem\model\Cikk.class
hu\anzek\backend\invoicesystem\repository\VevoCikkRepo.class
hu\anzek\backend\invoicesystem\service\OwnConnectionExeption.class
hu\anzek\backend\invoicesystem\configuration\InvoceConfigOsztaly$Invoice.class
hu\anzek\backend\invoicesystem\service\DiscountedValue.class
hu\anzek\backend\invoicesystem\model\Vevo.class
hu\anzek\backend\invoicesystem\service\FieldLimes.class
hu\anzek\backend\invoicesystem\service\Invoicing.class
hu\anzek\backend\invoicesystem\configuration\InvoceConfigOsztaly$Arfolyam.class
hu\anzek\backend\invoicesystem\repository\SzallitoBekerese.class
hu\anzek\backend\invoicesystem\repository\VevoBekerese.class
hu\anzek\backend\invoicesystem\service\CreateInvoiceDatabase.class
hu\anzek\backend\invoicesystem\service\OwnExceptionClass.class
hu\anzek\backend\invoicesystem\service\MySQLConnectionService.class
