hu\anzek\backend\invoicesystem\repository\VevoCikkRepo.class
hu\anzek\backend\invoicesystem\repository\CikkBeolvas.class
hu\anzek\backend\invoicesystem\configuration\InvoceConfigOsztaly$Invoice.class
hu\anzek\backend\invoicesystem\service\DiscountedValue.class
hu\anzek\backend\invoicesystem\model\Vevo.class
hu\anzek\backend\invoicesystem\configuration\InvoceConfigOsztaly$Invoice$Main.class
hu\anzek\backend\invoicesystem\configuration\InvoceConfigOsztaly.class
hu\anzek\backend\invoicesystem\model\Szallito.class
hu\anzek\backend\invoicesystem\service\Invoicing.class
hu\anzek\backend\invoicesystem\configuration\InvoceConfigOsztaly$Arfolyam.class
hu\anzek\backend\invoicesystem\repository\SzallitoBekerese.class
hu\anzek\backend\invoicesystem\repository\VevoBekerese.class
hu\anzek\backend\invoicesystem\InvoiceSystem.class
hu\anzek\backend\invoicesystem\configuration\InvoceConfigOsztaly$Invoice$Item.class
hu\anzek\backend\invoicesystem\configuration\DatabaseConfig$Database.class
hu\anzek\backend\invoicesystem\configuration\DatabaseConfig.class
hu\anzek\backend\invoicesystem\repository\SzallitoRepo.class
hu\anzek\backend\invoicesystem\model\Cikk.class
